org\kshrd\onedaychallenge\service\impl\SubjectServiceImpl.class
org\kshrd\onedaychallenge\model\QuestionEntity$QuestionEntityBuilder.class
org\kshrd\onedaychallenge\model\FileMetaData$FileMetaDataBuilder.class
org\kshrd\onedaychallenge\model\SessionEntity$SessionEntityBuilder.class
org\kshrd\onedaychallenge\model\dto\response\PagedResponseListQuiz.class
org\kshrd\onedaychallenge\service\impl\FileServiceImpl.class
org\kshrd\onedaychallenge\jwt\JwtAuthEntryPoint.class
org\kshrd\onedaychallenge\config\SecurityConfig.class
org\kshrd\onedaychallenge\security\AuthFilterChain.class
org\kshrd\onedaychallenge\model\dto\request\QuizUpdateRequest.class
org\kshrd\onedaychallenge\controller\AuthController.class
org\kshrd\onedaychallenge\controller\QuizController.class
org\kshrd\onedaychallenge\model\SubjectEntity.class
org\kshrd\onedaychallenge\model\dto\Quiz.class
org\kshrd\onedaychallenge\service\impl\WebSocketServiceImpl.class
org\kshrd\onedaychallenge\config\MinioConfig.class
org\kshrd\onedaychallenge\model\UserEntity$UserEntityBuilder.class
org\kshrd\onedaychallenge\model\JoinQuizEntity$JoinQuizEntityBuilder.class
org\kshrd\onedaychallenge\model\dto\request\AnswerSubmitRequest.class
org\kshrd\onedaychallenge\model\SubjectEntity$SubjectEntityBuilder.class
org\kshrd\onedaychallenge\model\dto\request\RegisterRequest.class
org\kshrd\onedaychallenge\model\dto\Quiz$QuizBuilder.class
org\kshrd\onedaychallenge\service\impl\QuestionsServiceImpl.class
org\kshrd\onedaychallenge\model\StudentAnswerEntity.class
org\kshrd\onedaychallenge\repository\SessionRepository.class
org\kshrd\onedaychallenge\repository\StudentAnswerRepository.class
org\kshrd\onedaychallenge\controller\FileController.class
org\kshrd\onedaychallenge\model\FileMetaData.class
org\kshrd\onedaychallenge\controller\WebSocketController.class
org\kshrd\onedaychallenge\model\dto\request\SessionCreateRequest.class
org\kshrd\onedaychallenge\utils\RequestUtils.class
org\kshrd\onedaychallenge\config\WebSocketConfig.class
org\kshrd\onedaychallenge\model\dto\request\LoginRequest.class
org\kshrd\onedaychallenge\config\JwtConfiguration.class
org\kshrd\onedaychallenge\model\dto\request\UserRequest.class
org\kshrd\onedaychallenge\exception\global\GlobalExceptionHandler.class
org\kshrd\onedaychallenge\model\JoinQuizEntity.class
org\kshrd\onedaychallenge\model\SessionEntity.class
org\kshrd\onedaychallenge\controller\UserController.class
org\kshrd\onedaychallenge\model\QuestionEntity.class
org\kshrd\onedaychallenge\utils\UserUtils.class
org\kshrd\onedaychallenge\model\domain\UserPrincipal.class
org\kshrd\onedaychallenge\model\dto\response\SubjectResponse.class
org\kshrd\onedaychallenge\service\QuizService.class
org\kshrd\onedaychallenge\model\SessionParticipantEntity$SessionParticipantEntityBuilder.class
org\kshrd\onedaychallenge\repository\JoinQuizRepository.class
org\kshrd\onedaychallenge\service\impl\OptionServiceImpl.class
org\kshrd\onedaychallenge\exception\ApiException.class
org\kshrd\onedaychallenge\model\dto\ParticipantJoinedData.class
org\kshrd\onedaychallenge\model\OptionEntity.class
org\kshrd\onedaychallenge\repository\QuestionRepository.class
org\kshrd\onedaychallenge\model\dto\request\QuestionRequest$QuestionRequestBuilder.class
org\kshrd\onedaychallenge\model\dto\request\QuestionRequest.class
org\kshrd\onedaychallenge\model\AnswerDetailEntity.class
org\kshrd\onedaychallenge\controller\SessionController.class
org\kshrd\onedaychallenge\model\AnswerDetailEntity$AnswerDetailEntityBuilder.class
org\kshrd\onedaychallenge\service\WebSocketService.class
org\kshrd\onedaychallenge\OnedayChallengeApplication.class
org\kshrd\onedaychallenge\repository\UserRepository.class
org\kshrd\onedaychallenge\model\QuizEntity$QuizEntityBuilder.class
org\kshrd\onedaychallenge\model\dto\request\JoinSessionRequest.class
org\kshrd\onedaychallenge\service\JwtService.class
org\kshrd\onedaychallenge\controller\QuestionsController.class
org\kshrd\onedaychallenge\model\dto\SessionNotification.class
org\kshrd\onedaychallenge\model\dto\response\AuthResponse.class
org\kshrd\onedaychallenge\controller\OptionController.class
org\kshrd\onedaychallenge\model\dto\request\QuestionUpdateRequest.class
org\kshrd\onedaychallenge\repository\QuizRepository.class
org\kshrd\onedaychallenge\model\dto\request\OptionRequest.class
org\kshrd\onedaychallenge\model\UserEntity.class
org\kshrd\onedaychallenge\service\impl\SessionServiceImpl.class
org\kshrd\onedaychallenge\enumeration\SubjectType.class
org\kshrd\onedaychallenge\service\QuestionsService.class
org\kshrd\onedaychallenge\model\QuizEntity.class
org\kshrd\onedaychallenge\exception\ResourceNotFoundException.class
org\kshrd\onedaychallenge\model\dto\request\QuizRequest.class
org\kshrd\onedaychallenge\repository\SubjectRepository.class
org\kshrd\onedaychallenge\handler\CustomAccessDeniedHandler.class
org\kshrd\onedaychallenge\model\dto\PaginationInfo.class
org\kshrd\onedaychallenge\service\impl\JwtServiceImpl.class
org\kshrd\onedaychallenge\service\impl\QuizServiceImpl.class
org\kshrd\onedaychallenge\model\SessionParticipantEntity.class
org\kshrd\onedaychallenge\service\SessionService.class
org\kshrd\onedaychallenge\event\ParticipantEvent.class
org\kshrd\onedaychallenge\service\user\FileService.class
org\kshrd\onedaychallenge\service\SubjectService.class
org\kshrd\onedaychallenge\model\dto\SessionCreatedData.class
org\kshrd\onedaychallenge\service\user\UserService.class
org\kshrd\onedaychallenge\controller\SubjectController.class
org\kshrd\onedaychallenge\model\dto\response\QuestionResponse.class
org\kshrd\onedaychallenge\model\dto\response\OptionResponse.class
org\kshrd\onedaychallenge\model\StudentAnswerEntity$StudentAnswerEntityBuilder.class
org\kshrd\onedaychallenge\constant\Constant.class
org\kshrd\onedaychallenge\service\impl\UserServiceImpl.class
org\kshrd\onedaychallenge\model\dto\User.class
org\kshrd\onedaychallenge\exception\NotAllowedFile.class
org\kshrd\onedaychallenge\model\dto\User$UserBuilder.class
org\kshrd\onedaychallenge\repository\OptionRepository.class
org\kshrd\onedaychallenge\service\user\OptionService.class
org\kshrd\onedaychallenge\filter\JwtAuthFilter.class
org\kshrd\onedaychallenge\model\dto\response\QuizResponse.class
org\kshrd\onedaychallenge\model\dto\response\Response.class
org\kshrd\onedaychallenge\model\dto\response\SubmissionData.class
org\kshrd\onedaychallenge\repository\SessionParticipantRepository.class
