C:\Users\MSI\Desktop\group3\group03\src\main\java\org\kshrd\onedaychallenge\config\JwtConfiguration.java
C:\Users\MSI\Desktop\group3\group03\src\main\java\org\kshrd\onedaychallenge\config\MinioConfig.java
C:\Users\MSI\Desktop\group3\group03\src\main\java\org\kshrd\onedaychallenge\config\SecurityConfig.java
C:\Users\MSI\Desktop\group3\group03\src\main\java\org\kshrd\onedaychallenge\config\WebSocketConfig.java
C:\Users\MSI\Desktop\group3\group03\src\main\java\org\kshrd\onedaychallenge\constant\Constant.java
C:\Users\MSI\Desktop\group3\group03\src\main\java\org\kshrd\onedaychallenge\controller\AuthController.java
C:\Users\MSI\Desktop\group3\group03\src\main\java\org\kshrd\onedaychallenge\controller\FileController.java
C:\Users\MSI\Desktop\group3\group03\src\main\java\org\kshrd\onedaychallenge\controller\OptionController.java
C:\Users\MSI\Desktop\group3\group03\src\main\java\org\kshrd\onedaychallenge\controller\QuestionsController.java
C:\Users\MSI\Desktop\group3\group03\src\main\java\org\kshrd\onedaychallenge\controller\QuizController.java
C:\Users\MSI\Desktop\group3\group03\src\main\java\org\kshrd\onedaychallenge\controller\SessionController.java
C:\Users\MSI\Desktop\group3\group03\src\main\java\org\kshrd\onedaychallenge\controller\SubjectController.java
C:\Users\MSI\Desktop\group3\group03\src\main\java\org\kshrd\onedaychallenge\controller\UserController.java
C:\Users\MSI\Desktop\group3\group03\src\main\java\org\kshrd\onedaychallenge\controller\WebSocketController.java
C:\Users\MSI\Desktop\group3\group03\src\main\java\org\kshrd\onedaychallenge\enumeration\SubjectType.java
C:\Users\MSI\Desktop\group3\group03\src\main\java\org\kshrd\onedaychallenge\event\ParticipantEvent.java
C:\Users\MSI\Desktop\group3\group03\src\main\java\org\kshrd\onedaychallenge\exception\ApiException.java
C:\Users\MSI\Desktop\group3\group03\src\main\java\org\kshrd\onedaychallenge\exception\global\GlobalExceptionHandler.java
C:\Users\MSI\Desktop\group3\group03\src\main\java\org\kshrd\onedaychallenge\exception\NotAllowedFile.java
C:\Users\MSI\Desktop\group3\group03\src\main\java\org\kshrd\onedaychallenge\exception\ResourceNotFoundException.java
C:\Users\MSI\Desktop\group3\group03\src\main\java\org\kshrd\onedaychallenge\filter\JwtAuthFilter.java
C:\Users\MSI\Desktop\group3\group03\src\main\java\org\kshrd\onedaychallenge\handler\CustomAccessDeniedHandler.java
C:\Users\MSI\Desktop\group3\group03\src\main\java\org\kshrd\onedaychallenge\jwt\JwtAuthEntryPoint.java
C:\Users\MSI\Desktop\group3\group03\src\main\java\org\kshrd\onedaychallenge\model\AnswerDetailEntity.java
C:\Users\MSI\Desktop\group3\group03\src\main\java\org\kshrd\onedaychallenge\model\domain\UserPrincipal.java
C:\Users\MSI\Desktop\group3\group03\src\main\java\org\kshrd\onedaychallenge\model\dto\PaginationInfo.java
C:\Users\MSI\Desktop\group3\group03\src\main\java\org\kshrd\onedaychallenge\model\dto\ParticipantJoinedData.java
C:\Users\MSI\Desktop\group3\group03\src\main\java\org\kshrd\onedaychallenge\model\dto\Quiz.java
C:\Users\MSI\Desktop\group3\group03\src\main\java\org\kshrd\onedaychallenge\model\dto\request\AnswerSubmitRequest.java
C:\Users\MSI\Desktop\group3\group03\src\main\java\org\kshrd\onedaychallenge\model\dto\request\JoinSessionRequest.java
C:\Users\MSI\Desktop\group3\group03\src\main\java\org\kshrd\onedaychallenge\model\dto\request\LoginRequest.java
C:\Users\MSI\Desktop\group3\group03\src\main\java\org\kshrd\onedaychallenge\model\dto\request\OptionRequest.java
C:\Users\MSI\Desktop\group3\group03\src\main\java\org\kshrd\onedaychallenge\model\dto\request\QuestionRequest.java
C:\Users\MSI\Desktop\group3\group03\src\main\java\org\kshrd\onedaychallenge\model\dto\request\QuestionUpdateRequest.java
C:\Users\MSI\Desktop\group3\group03\src\main\java\org\kshrd\onedaychallenge\model\dto\request\QuizRequest.java
C:\Users\MSI\Desktop\group3\group03\src\main\java\org\kshrd\onedaychallenge\model\dto\request\QuizUpdateRequest.java
C:\Users\MSI\Desktop\group3\group03\src\main\java\org\kshrd\onedaychallenge\model\dto\request\RegisterRequest.java
C:\Users\MSI\Desktop\group3\group03\src\main\java\org\kshrd\onedaychallenge\model\dto\request\SessionCreateRequest.java
C:\Users\MSI\Desktop\group3\group03\src\main\java\org\kshrd\onedaychallenge\model\dto\request\UserRequest.java
C:\Users\MSI\Desktop\group3\group03\src\main\java\org\kshrd\onedaychallenge\model\dto\response\AuthResponse.java
C:\Users\MSI\Desktop\group3\group03\src\main\java\org\kshrd\onedaychallenge\model\dto\response\OptionResponse.java
C:\Users\MSI\Desktop\group3\group03\src\main\java\org\kshrd\onedaychallenge\model\dto\response\PagedResponseListQuiz.java
C:\Users\MSI\Desktop\group3\group03\src\main\java\org\kshrd\onedaychallenge\model\dto\response\QuestionResponse.java
C:\Users\MSI\Desktop\group3\group03\src\main\java\org\kshrd\onedaychallenge\model\dto\response\QuizResponse.java
C:\Users\MSI\Desktop\group3\group03\src\main\java\org\kshrd\onedaychallenge\model\dto\response\Response.java
C:\Users\MSI\Desktop\group3\group03\src\main\java\org\kshrd\onedaychallenge\model\dto\response\SubjectResponse.java
C:\Users\MSI\Desktop\group3\group03\src\main\java\org\kshrd\onedaychallenge\model\dto\response\SubmissionData.java
C:\Users\MSI\Desktop\group3\group03\src\main\java\org\kshrd\onedaychallenge\model\dto\SessionCreatedData.java
C:\Users\MSI\Desktop\group3\group03\src\main\java\org\kshrd\onedaychallenge\model\dto\SessionNotification.java
C:\Users\MSI\Desktop\group3\group03\src\main\java\org\kshrd\onedaychallenge\model\dto\User.java
C:\Users\MSI\Desktop\group3\group03\src\main\java\org\kshrd\onedaychallenge\model\FileMetaData.java
C:\Users\MSI\Desktop\group3\group03\src\main\java\org\kshrd\onedaychallenge\model\JoinQuizEntity.java
C:\Users\MSI\Desktop\group3\group03\src\main\java\org\kshrd\onedaychallenge\model\OptionEntity.java
C:\Users\MSI\Desktop\group3\group03\src\main\java\org\kshrd\onedaychallenge\model\QuestionEntity.java
C:\Users\MSI\Desktop\group3\group03\src\main\java\org\kshrd\onedaychallenge\model\QuizEntity.java
C:\Users\MSI\Desktop\group3\group03\src\main\java\org\kshrd\onedaychallenge\model\SessionEntity.java
C:\Users\MSI\Desktop\group3\group03\src\main\java\org\kshrd\onedaychallenge\model\SessionParticipantEntity.java
C:\Users\MSI\Desktop\group3\group03\src\main\java\org\kshrd\onedaychallenge\model\StudentAnswerEntity.java
C:\Users\MSI\Desktop\group3\group03\src\main\java\org\kshrd\onedaychallenge\model\SubjectEntity.java
C:\Users\MSI\Desktop\group3\group03\src\main\java\org\kshrd\onedaychallenge\model\UserEntity.java
C:\Users\MSI\Desktop\group3\group03\src\main\java\org\kshrd\onedaychallenge\OnedayChallengeApplication.java
C:\Users\MSI\Desktop\group3\group03\src\main\java\org\kshrd\onedaychallenge\repository\JoinQuizRepository.java
C:\Users\MSI\Desktop\group3\group03\src\main\java\org\kshrd\onedaychallenge\repository\OptionRepository.java
C:\Users\MSI\Desktop\group3\group03\src\main\java\org\kshrd\onedaychallenge\repository\QuestionRepository.java
C:\Users\MSI\Desktop\group3\group03\src\main\java\org\kshrd\onedaychallenge\repository\QuizRepository.java
C:\Users\MSI\Desktop\group3\group03\src\main\java\org\kshrd\onedaychallenge\repository\SessionParticipantRepository.java
C:\Users\MSI\Desktop\group3\group03\src\main\java\org\kshrd\onedaychallenge\repository\SessionRepository.java
C:\Users\MSI\Desktop\group3\group03\src\main\java\org\kshrd\onedaychallenge\repository\StudentAnswerRepository.java
C:\Users\MSI\Desktop\group3\group03\src\main\java\org\kshrd\onedaychallenge\repository\SubjectRepository.java
C:\Users\MSI\Desktop\group3\group03\src\main\java\org\kshrd\onedaychallenge\repository\UserRepository.java
C:\Users\MSI\Desktop\group3\group03\src\main\java\org\kshrd\onedaychallenge\security\AuthFilterChain.java
C:\Users\MSI\Desktop\group3\group03\src\main\java\org\kshrd\onedaychallenge\service\impl\FileServiceImpl.java
C:\Users\MSI\Desktop\group3\group03\src\main\java\org\kshrd\onedaychallenge\service\impl\JwtServiceImpl.java
C:\Users\MSI\Desktop\group3\group03\src\main\java\org\kshrd\onedaychallenge\service\impl\OptionServiceImpl.java
C:\Users\MSI\Desktop\group3\group03\src\main\java\org\kshrd\onedaychallenge\service\impl\QuestionsServiceImpl.java
C:\Users\MSI\Desktop\group3\group03\src\main\java\org\kshrd\onedaychallenge\service\impl\QuizServiceImpl.java
C:\Users\MSI\Desktop\group3\group03\src\main\java\org\kshrd\onedaychallenge\service\impl\SessionServiceImpl.java
C:\Users\MSI\Desktop\group3\group03\src\main\java\org\kshrd\onedaychallenge\service\impl\SubjectServiceImpl.java
C:\Users\MSI\Desktop\group3\group03\src\main\java\org\kshrd\onedaychallenge\service\impl\UserServiceImpl.java
C:\Users\MSI\Desktop\group3\group03\src\main\java\org\kshrd\onedaychallenge\service\impl\WebSocketServiceImpl.java
C:\Users\MSI\Desktop\group3\group03\src\main\java\org\kshrd\onedaychallenge\service\JwtService.java
C:\Users\MSI\Desktop\group3\group03\src\main\java\org\kshrd\onedaychallenge\service\QuestionsService.java
C:\Users\MSI\Desktop\group3\group03\src\main\java\org\kshrd\onedaychallenge\service\QuizService.java
C:\Users\MSI\Desktop\group3\group03\src\main\java\org\kshrd\onedaychallenge\service\SessionService.java
C:\Users\MSI\Desktop\group3\group03\src\main\java\org\kshrd\onedaychallenge\service\SubjectService.java
C:\Users\MSI\Desktop\group3\group03\src\main\java\org\kshrd\onedaychallenge\service\user\FileService.java
C:\Users\MSI\Desktop\group3\group03\src\main\java\org\kshrd\onedaychallenge\service\user\OptionService.java
C:\Users\MSI\Desktop\group3\group03\src\main\java\org\kshrd\onedaychallenge\service\user\UserService.java
C:\Users\MSI\Desktop\group3\group03\src\main\java\org\kshrd\onedaychallenge\service\WebSocketService.java
C:\Users\MSI\Desktop\group3\group03\src\main\java\org\kshrd\onedaychallenge\utils\RequestUtils.java
C:\Users\MSI\Desktop\group3\group03\src\main\java\org\kshrd\onedaychallenge\utils\UserUtils.java
